// Jest Snapshot v1, https://goo.gl/fbAQLP

exports[`Tabs matches the shapshot 1`] = `
VueWrapper {
  "__app": Object {
    "_component": Object {
      "__emits": null,
      "__props": Array [
        Object {},
        Array [],
      ],
      "name": "VTU_ROOT",
      "render": [Function],
    },
    "_container": <div
      data-v-app=""
    >
      <div
        class="card tabs-nav"
      >
        
        <button
          class="active tab"
          type="button"
        >
          
          item1
          
        </button>
        <button
          class="tab"
          type="button"
        >
          
          item2
          
        </button>
        
      </div>
    </div>,
    "_context": Object {
      "app": [Circular],
      "components": Object {
        "transition": Object {
          "name": "transition",
          "props": undefined,
          "render": [Function],
        },
        "transition-group": Object {
          "name": "transition-group",
          "props": undefined,
          "render": [Function],
        },
      },
      "config": Object {
        "errorHandler": undefined,
        "globalProperties": Object {},
        "isCustomElement": [Function],
        "isNativeTag": [Function],
        "optionMergeStrategies": Object {},
        "performance": false,
        "warnHandler": undefined,
      },
      "directives": Object {},
      "mixins": Array [
        Object {
          "__emits": null,
          "__props": Array [],
          "beforeCreate": [Function],
        },
      ],
      "provides": Object {},
      "reload": [Function],
    },
    "_props": null,
    "_uid": 0,
    "component": [Function],
    "config": Object {
      "errorHandler": undefined,
      "globalProperties": Object {},
      "isCustomElement": [Function],
      "isNativeTag": [Function],
      "optionMergeStrategies": Object {},
      "performance": false,
      "warnHandler": undefined,
    },
    "directive": [Function],
    "mixin": [Function],
    "mount": [Function],
    "provide": [Function],
    "unmount": [Function],
    "use": [Function],
    "version": "3.0.11",
  },
  "__setProps": [Function],
  "componentVM": Object {
    "active": "item1",
    "changeActive": [Function],
    "hasOwnProperty": [Function],
    "initial": "item1",
    "items": Array [
      "item1",
      "item2",
    ],
  },
  "rootVM": Object {},
  "wrapperElement": <div
    class="card tabs-nav"
  >
    
    <button
      class="active tab"
      type="button"
    >
      
      item1
      
    </button>
    <button
      class="tab"
      type="button"
    >
      
      item2
      
    </button>
    
  </div>,
}
`;
